[0;1m[47m▀[0m▀[1;30m▀▀▀▀▀▀▀▀▀▀▀▀▀▀▀▀▀▀█
█ [0;36m█▀█ █ ▄ ▀ █▀▄ █▀█ [1;30m█
█ [36;46m░[1C░[1C░[1C░[1C[0;36m█ [1;46m░[1C▒[1C░[1C [1C[30;40m█
█ [36;46m▓[1C[40m█ [46m▓[40m▄▀ [46m▓[1C[40m█ █ █ [46m▓[1C[30;40m█
█ [36m█▀█ █ █ █ █▀▄ █▀█ [30m█ BZ!
█▄▄▄▄▄▄▄▄▄▄▄▄▄▄▄▄▄▄[0m▄[1;47m▄[0m